// Jest Snapshot v1, https://goo.gl/fbAQLP

exports[`App should render 1`] = `
"<div>
  <h1>
    App component
  </h1>
  <p>
    Hello world!
  </p>
  <Button disabled={false} variant=\\"primary\\">
    <styled.button disabled={false} variant=\\"primary\\">
      <button disabled={false} className=\\"sc-AxjAm hpxLGq\\">
        Add to Bag
      </button>
    </styled.button>
  </Button>
</div>"
`;
